[2025-12-01 23:03:57,857] INFO - Device: cuda
[2025-12-01 23:03:57,914] INFO - === RESNET50 (AMP ON) ===
[2025-12-01 23:08:02,718] INFO - Device: cuda
[2025-12-01 23:08:02,786] INFO - === RESNET50 (AMP ON) ===
[2025-12-01 23:09:17,391] INFO - Device: cuda
[2025-12-01 23:09:17,440] INFO - === RESNET50 (AMP ON) ===
[2025-12-01 23:13:43,356] INFO - Device: cuda
[2025-12-01 23:13:43,525] INFO - === RESNET50 (AMP ON) ===
[2025-12-01 23:24:31,322] INFO - [ResNet50] Epoch 1 | TL=0.9618 TA=0.5508 | VL=0.8733 VA=0.5790
[2025-12-01 23:36:14,934] INFO - Device: cuda
[2025-12-01 23:36:15,015] INFO - === RESNET50 (AMP ON) ===
[2025-12-01 23:45:26,279] INFO - [ResNet50] Epoch 1 | TL=0.9691 TA=0.5347 | VL=0.8552 VA=0.6119
[2025-12-01 23:57:50,505] INFO - [ResNet50] Epoch 2 | TL=0.8962 TA=0.5808 | VL=0.8815 VA=0.6072
[2025-12-02 00:06:58,873] INFO - [ResNet50] Epoch 3 | TL=0.8321 TA=0.6104 | VL=0.7411 VA=0.6479
[2025-12-02 00:14:40,080] INFO - [ResNet50] Epoch 4 | TL=0.7875 TA=0.6436 | VL=0.9407 VA=0.6135
[2025-12-02 00:22:38,692] INFO - [ResNet50] Epoch 5 | TL=0.7215 TA=0.6880 | VL=0.6340 VA=0.7387
[2025-12-02 00:22:52,392] INFO - [ResNet50] Test Accuracy = 0.7212
[2025-12-02 00:31:36,576] INFO - Device: cuda
[2025-12-02 00:31:36,937] INFO - === RESNET50 (AMP ON) ===
[2025-12-02 00:44:53,064] INFO - [ResNet50] Epoch 1 | TL=0.9682 TA=0.5490 | VL=0.8493 VA=0.5900
[2025-12-02 00:53:58,417] INFO - [ResNet50] Epoch 2 | TL=0.8959 TA=0.5812 | VL=0.7827 VA=0.6260
[2025-12-02 01:01:36,451] INFO - [ResNet50] Epoch 3 | TL=0.8381 TA=0.6221 | VL=0.7464 VA=0.6667
[2025-12-02 01:09:08,997] INFO - [ResNet50] Epoch 4 | TL=0.7793 TA=0.6663 | VL=0.6311 VA=0.7136
[2025-12-02 01:16:41,274] INFO - [ResNet50] Epoch 5 | TL=0.7399 TA=0.6882 | VL=0.6955 VA=0.6995
[2025-12-02 01:16:50,625] INFO - [ResNet50] Test Accuracy = 0.7227
[2025-12-02 01:17:27,405] INFO - === DENSENET121 (AMP ON) ===
[2025-12-02 01:24:37,237] INFO - [DenseNet121] Epoch 1 | TL=0.9575 TA=0.5497 | VL=0.7935 VA=0.6275
[2025-12-02 01:31:04,529] INFO - [DenseNet121] Epoch 2 | TL=0.8741 TA=0.5967 | VL=0.7019 VA=0.6948
[2025-12-02 01:37:31,701] INFO - [DenseNet121] Epoch 3 | TL=0.8061 TA=0.6473 | VL=0.5893 VA=0.7762
[2025-12-02 01:43:58,649] INFO - [DenseNet121] Epoch 4 | TL=0.7353 TA=0.6847 | VL=0.5660 VA=0.7496
[2025-12-02 01:50:25,762] INFO - [DenseNet121] Epoch 5 | TL=0.6530 TA=0.7297 | VL=0.4835 VA=0.8326
[2025-12-02 01:50:35,103] INFO - [DenseNet121] Test Accuracy = 0.8100
[2025-12-02 01:51:02,698] INFO - === ViT (AMP ON) ===
[2025-12-02 02:35:20,839] INFO - [ViT] Epoch 1 | TL=0.9619 TA=0.5446 | VL=0.8685 VA=0.5994
[2025-12-02 03:14:46,559] INFO - [ViT] Epoch 2 | TL=0.7552 TA=0.6630 | VL=0.6633 VA=0.7214
[2025-12-02 03:54:16,606] INFO - [ViT] Epoch 3 | TL=0.5575 TA=0.7769 | VL=0.4686 VA=0.8185
[2025-12-02 04:33:53,818] INFO - [ViT] Epoch 4 | TL=0.3794 TA=0.8603 | VL=0.3411 VA=0.8826
[2025-12-02 05:13:23,230] INFO - [ViT] Epoch 5 | TL=0.2601 TA=0.9139 | VL=0.3022 VA=0.8951
[2025-12-02 05:14:43,490] INFO - [ViT] Test Accuracy = 0.8972
[2025-12-02 05:16:21,007] INFO - Best model: {'name': 'ViT', 'path': 'models/vit_best', 'test_acc': 0.897196261682243}
